I'm sorry, but errors were detected in your script. Please correct the
errors listed below, and try again.


File "game/Chapter_Five.rpy", line 59: expected ':' not found.
    menu
        ^

File "game/Chapter_Five.rpy", line 68: expected ':' not found.
    menu
        ^

File "game/Chapter_Five.rpy", line 77: expected ':' not found.
    menu
        ^

File "game/Chapter_Five.rpy", line 221: expected ':' not found.
    menu
        ^

File "game/Chapter_Five.rpy", line 230: expected ':' not found.
    menu
        ^

File "game/Chapter_Five.rpy", line 239: expected ':' not found.
    menu
        ^

Ren'Py Version: Ren'Py 7.3.5.606
Sun May 24 22:09:45 2020
